// Jest Snapshot v1, https://goo.gl/fbAQLP

exports[`throws an error when validating an object does not fallow the given schema 1`] = `"Invalid schema >> Error: Cannot cast >>bad<< to Number"`;
